[INFO] Before -- saveEmployee,
[INFO] After -- saveEmployee,
[INFO] Before -- deleteEmployee,
[INFO] After -- deleteEmployee,
[INFO] Before -- findAndUpdateEmployeeById,
[INFO] After -- findAndUpdateEmployeeById