Data Source Trace: Connection com.zaxxer.hikari.HikariDataSource.getConnection()
Data Source Trace: Connection com.zaxxer.hikari.HikariDataSource.getConnection()
Data Source Trace: Connection com.zaxxer.hikari.HikariDataSource.getConnection()
Data Source Trace: Connection com.zaxxer.hikari.HikariDataSource.getConnection()
Data Source Trace: Connection com.zaxxer.hikari.HikariDataSource.getConnection()