Employee Report Start
John.Doe@corp.com
Willow.Zhang@corp.com
Jayvon.Grant@corp.com
Shaylee.Mcclure@corp.com
Miley.Krueger@corp.com
Employee Report Stop