Deleting all employees...
Printing list of employees