{
  "id" : 2,
  "firstName" : "Willow",
  "lastName" : "Zhang",
  "email" : "Willow.Zhang@corp.com",
  "phoneNumber" : "555-55-56",
  "hireDate" : 1562869800000,
  "salary" : 80000.0
}